// Jest Snapshot v1, https://goo.gl/fbAQLP

exports[`Signup Field Compare snapshots 1`] = `
<div>
  <div
    className="MuiFormControl-root-1 MuiFormControl-marginNormal-2 MuiFormControl-fullWidth-4"
  >
    <label
      className="MuiFormLabel-root-16 MuiFormLabel-required-21 MuiInputLabel-required-9 MuiInputLabel-root-5 MuiInputLabel-formControl-10 MuiInputLabel-animated-13"
      data-shrink={false}
      htmlFor="name"
    >
      First Name
      <span
        className="MuiFormLabel-asterisk-22"
      >
         *
      </span>
    </label>
    <div
      className="MuiInputBase-root-36 MuiInput-root-23 MuiInput-underline-27 MuiInputBase-formControl-37 MuiInput-formControl-24"
      onClick={[Function]}
    >
      <input
        aria-invalid={false}
        autoFocus={true}
        className="MuiInputBase-input-46 MuiInput-input-31"
        disabled={false}
        id="first_name"
        name="first_name"
        onBlur={[Function]}
        onChange={[Function]}
        onFocus={[Function]}
        required={true}
        type="text"
      />
    </div>
  </div>
  <div
    className="MuiFormControl-root-1 MuiFormControl-marginNormal-2 MuiFormControl-fullWidth-4"
  >
    <label
      className="MuiFormLabel-root-16 MuiFormLabel-required-21 MuiInputLabel-required-9 MuiInputLabel-root-5 MuiInputLabel-formControl-10 MuiInputLabel-animated-13"
      data-shrink={false}
      htmlFor="name"
    >
      Last Name
      <span
        className="MuiFormLabel-asterisk-22"
      >
         *
      </span>
    </label>
    <div
      className="MuiInputBase-root-36 MuiInput-root-23 MuiInput-underline-27 MuiInputBase-formControl-37 MuiInput-formControl-24"
      onClick={[Function]}
    >
      <input
        aria-invalid={false}
        className="MuiInputBase-input-46 MuiInput-input-31"
        disabled={false}
        id="last_name"
        name="last_name"
        onBlur={[Function]}
        onChange={[Function]}
        onFocus={[Function]}
        required={true}
        type="text"
      />
    </div>
  </div>
  <div
    className="MuiFormControl-root-1 MuiFormControl-marginNormal-2 MuiFormControl-fullWidth-4"
  >
    <label
      className="MuiFormLabel-root-16 MuiFormLabel-required-21 MuiInputLabel-required-9 MuiInputLabel-root-5 MuiInputLabel-formControl-10 MuiInputLabel-animated-13"
      data-shrink={false}
      htmlFor="email"
    >
      Email
      <span
        className="MuiFormLabel-asterisk-22"
      >
         *
      </span>
    </label>
    <div
      className="MuiInputBase-root-36 MuiInput-root-23 MuiInput-underline-27 MuiInputBase-formControl-37 MuiInput-formControl-24"
      onClick={[Function]}
    >
      <input
        aria-invalid={false}
        autoComplete="email"
        className="MuiInputBase-input-46 MuiInput-input-31"
        disabled={false}
        id="email"
        name="email"
        onBlur={[Function]}
        onChange={[Function]}
        onFocus={[Function]}
        required={true}
        type="text"
      />
    </div>
  </div>
  <div
    className="MuiFormControl-root-1 MuiFormControl-marginNormal-2 MuiFormControl-fullWidth-4"
  >
    <label
      className="MuiFormLabel-root-16 MuiFormLabel-required-21 MuiInputLabel-required-9 MuiInputLabel-root-5 MuiInputLabel-formControl-10 MuiInputLabel-animated-13"
      data-shrink={false}
      htmlFor="password"
    >
      Password
      <span
        className="MuiFormLabel-asterisk-22"
      >
         *
      </span>
    </label>
    <div
      className="MuiInputBase-root-36 MuiInput-root-23 MuiInput-underline-27 MuiInputBase-formControl-37 MuiInput-formControl-24"
      onClick={[Function]}
    >
      <input
        aria-invalid={false}
        autoComplete="current-password"
        className="MuiInputBase-input-46 MuiInput-input-31 MuiInputBase-inputType-49 MuiInput-inputType-34"
        disabled={false}
        id="password"
        name="password"
        onBlur={[Function]}
        onChange={[Function]}
        onFocus={[Function]}
        required={true}
        type="password"
      />
    </div>
  </div>
  <div
    className="MuiFormControl-root-1 MuiFormControl-marginNormal-2 MuiFormControl-fullWidth-4"
  >
    <label
      className="MuiFormLabel-root-16 MuiFormLabel-required-21 MuiInputLabel-required-9 MuiInputLabel-root-5 MuiInputLabel-formControl-10 MuiInputLabel-animated-13"
      data-shrink={false}
      htmlFor="confirm_password"
    >
      Confirm your Password
      <span
        className="MuiFormLabel-asterisk-22"
      >
         *
      </span>
    </label>
    <div
      className="MuiInputBase-root-36 MuiInput-root-23 MuiInput-underline-27 MuiInputBase-formControl-37 MuiInput-formControl-24"
      onClick={[Function]}
    >
      <input
        aria-invalid={false}
        autoComplete="current-password"
        className="MuiInputBase-input-46 MuiInput-input-31 MuiInputBase-inputType-49 MuiInput-inputType-34"
        disabled={false}
        id="confirm_password"
        name="confirm_password"
        onBlur={[Function]}
        onChange={[Function]}
        onFocus={[Function]}
        required={true}
        type="password"
      />
    </div>
  </div>
</div>
`;
