// Jest Snapshot v1, https://goo.gl/fbAQLP

exports[`Compare snapshots 1`] = `
.c0 {
  fontFamily: "Source Sans Pro" !important;
  font-size: 24px !important;
  font-weight: bold !important;
  color: rgb(82,95,127) !important;
  margin: 15px !important;
  text-align: center;
}

<h1
  className="MuiTypography-root-1 MuiTypography-h4-16 c0"
/>
`;
