// Jest Snapshot v1, https://goo.gl/fbAQLP

exports[`Compare snapshots 1`] = `
.c0 {
  box-sizing: border-box;
  height: 30px;
  width: 94px;
  background: none rgb(85,90,191);
  border-radius: 4px;
  box-shadow: rgb(238,241,244) 0px 2px 7px 0px;
  cursor: pointer;
  color: white;
  float: right;
  font-family: "Source Sans Pro";
  font-size: 14px;
  font-weight: 400;
  padding: 8px 11px;
}

.c0:hover {
  opacity: 0.9;
}

<div
  className="c0"
/>
`;
