// Jest Snapshot v1, https://goo.gl/fbAQLP

exports[`ProfileLayout Compare snapshots 1`] = `
<ContextProvider
  value={
    Object {
      "store": Object {
        "clearActions": [Function],
        "dispatch": [Function],
        "getActions": [Function],
        "getState": [Function],
        "replaceReducer": [Function],
        "subscribe": [Function],
      },
      "storeState": Object {
        "Login": Object {
          "username": "test",
        },
        "router": Object {
          "location": Object {},
        },
      },
    }
  }
>
  <Connect(ProfileLayout)>
    <div />
  </Connect(ProfileLayout)>
</ContextProvider>
`;
