// Jest Snapshot v1, https://goo.gl/fbAQLP

exports[`SignupLayoutContainer should match snapshot 1`] = `
<ContextProvider
  value={
    Object {
      "store": Object {
        "clearActions": [Function],
        "dispatch": [Function],
        "getActions": [Function],
        "getState": [Function],
        "replaceReducer": [Function],
        "subscribe": [Function],
      },
      "storeState": Object {},
    }
  }
>
  <SignupLayoutContainer />
</ContextProvider>
`;
