// Jest Snapshot v1, https://goo.gl/fbAQLP

exports[`<Form/> match snapshot 1`] = `
<ContextConsumer>
  <Component />
</ContextConsumer>
`;
