// Jest Snapshot v1, https://goo.gl/fbAQLP

exports[`<BackNav/> match snapshot 1`] = `
<ContextConsumer>
  <Component />
</ContextConsumer>
`;
